app/(auth)/login.tsx(14,26): error TS2307: Cannot find module '@expo/vector-icons' or its corresponding type declarations.
app/(auth)/setup-profile.tsx(14,26): error TS2307: Cannot find module '@expo/vector-icons' or its corresponding type declarations.
app/(auth)/verify.tsx(14,26): error TS2307: Cannot find module '@expo/vector-icons' or its corresponding type declarations.
app/(auth)/verify.tsx(65,30): error TS7006: Parameter 'value' implicitly has an 'any' type.
app/(auth)/verify.tsx(65,37): error TS7006: Parameter 'index' implicitly has an 'any' type.
app/(auth)/verify.tsx(182,49): error TS2322: Type 'TextInput | null' is not assignable to type 'TextInput'.
  Type 'null' is not assignable to type 'TextInput'.
app/(auth)/verify.tsx(228,40): error TS2554: Expected 1 arguments, but got 0.
app/(screens)/chatWindow/[id].tsx(8,10): error TS2614: Module '"../../../components/cards/messageCard"' has no exported member 'ChatMessage'. Did you mean to use 'import ChatMessage from "../../../components/cards/messageCard"' instead?
app/(screens)/chatWindow/location.tsx(15,26): error TS2307: Cannot find module '@expo/vector-icons' or its corresponding type declarations.
app/(screens)/chatWindow/mediaGallery.tsx(12,10): error TS2614: Module '"../../../components/cards/messageCard"' has no exported member 'ChatMessage'. Did you mean to use 'import ChatMessage from "../../../components/cards/messageCard"' instead?
app/(screens)/settings/lists/index.tsx(4,50): error TS2307: Cannot find module '@expo/vector-icons' or its corresponding type declarations.
app/(screens)/settings/starred.tsx(4,22): error TS2307: Cannot find module '@expo/vector-icons/Ionicons' or its corresponding type declarations.
app/(screens)/status/[index].tsx(15,21): error TS2739: Type 'Status' is missing the following properties from type 'StatusData': name, photoURL, statuses
app/(tabs)/_layout.tsx(3,50): error TS2307: Cannot find module '@expo/vector-icons' or its corresponding type declarations.
app/(tabs)/calls/index.tsx(7,26): error TS2307: Cannot find module '@expo/vector-icons' or its corresponding type declarations.
app/(tabs)/chat/_layout.tsx(4,26): error TS2307: Cannot find module '@expo/vector-icons' or its corresponding type declarations.
app/(tabs)/chat/camera.tsx(14,41): error TS2307: Cannot find module '@expo/vector-icons' or its corresponding type declarations.
app/(tabs)/chat/camera.tsx(16,10): error TS2305: Module '"expo-video"' has no exported member 'Video'.
app/(tabs)/chat/camera.tsx(145,17): error TS2353: Object literal may only specify known properties, and 'quality' does not exist in type 'CameraRecordingOptions'.
app/(tabs)/chat/contacts.tsx(6,26): error TS2307: Cannot find module '@expo/vector-icons' or its corresponding type declarations.
app/(tabs)/chat/index.tsx(7,26): error TS2307: Cannot find module '@expo/vector-icons' or its corresponding type declarations.
app/(tabs)/settings/chats/index.tsx(75,37): error TS2322: Type '{ title: string; link: string; description: string | undefined; isLast: true; }' is not assignable to type 'IntrinsicAttributes & TitleForwardIconBtnProps'.
  Property 'description' does not exist on type 'IntrinsicAttributes & TitleForwardIconBtnProps'.
app/(tabs)/settings/index.tsx(8,26): error TS2307: Cannot find module '@expo/vector-icons' or its corresponding type declarations.
app/(tabs)/settings/linked.tsx(5,22): error TS2307: Cannot find module '@expo/vector-icons/Ionicons' or its corresponding type declarations.
app/(tabs)/settings/profile/index.tsx(7,26): error TS2307: Cannot find module '@expo/vector-icons' or its corresponding type declarations.
app/(tabs)/settings/profile/index.tsx(51,33): error TS2322: Type 'boolean' is not assignable to type 'string'.
app/index.tsx(5,42): error TS2322: Type '{ href: string; asany: true; }' is not assignable to type 'IntrinsicAttributes & RedirectProps'.
  Property 'asany' does not exist on type 'IntrinsicAttributes & RedirectProps'.
components/buttons/roundedBtn.tsx(1,26): error TS2307: Cannot find module '@expo/vector-icons' or its corresponding type declarations.
components/buttons/titleForwarIconBtn.tsx(3,26): error TS2307: Cannot find module '@expo/vector-icons' or its corresponding type declarations.
components/cards/callCard.tsx(2,26): error TS2307: Cannot find module '@expo/vector-icons' or its corresponding type declarations.
components/cards/contactCard.tsx(2,22): error TS2307: Cannot find module '@expo/vector-icons/Ionicons' or its corresponding type declarations.
components/cards/mediaGalleryCard.tsx(23,39): error TS2322: Type 'string' is not assignable to type 'ImageSourcePropType'.
components/cards/messageCard.tsx(38,44): error TS2559: Type 'ChatMessage' has no properties in common with type 'Message'.
components/cards/messageCard.tsx(40,44): error TS2559: Type 'ChatMessage' has no properties in common with type 'Message'.
components/cards/messageCard.tsx(44,47): error TS2559: Type 'ChatMessage' has no properties in common with type 'Message'.
components/cards/messageCard.tsx(46,43): error TS2559: Type 'ChatMessage' has no properties in common with type 'Message'.
components/cards/messageCard.tsx(50,44): error TS2559: Type 'ChatMessage' has no properties in common with type 'Message'.
components/cards/messageCard.tsx(52,47): error TS2559: Type 'ChatMessage' has no properties in common with type 'Message'.
components/cards/settingsCard.tsx(2,26): error TS2307: Cannot find module '@expo/vector-icons' or its corresponding type declarations.
components/cards/statusGalleryCard.tsx(140,21): error TS2719: Type 'StatusData' is not assignable to type 'StatusData'. Two different types with this name exist, but they are unrelated.
  Types of property 'statuses' are incompatible.
    Type 'StatusItem[]' is not assignable to type 'StatusItem[]'. Two different types with this name exist, but they are unrelated.
      Type 'StatusItem' is missing the following properties from type 'StatusItem': id, createdAt
components/cards/statusGalleryCard.tsx(149,44): error TS2322: Type 'ImageSourcePropType | undefined' is not assignable to type 'ImageSourcePropType'.
  Type 'undefined' is not assignable to type 'ImageSourcePropType'.
components/cards/statusGalleryCard.tsx(151,42): error TS2322: Type 'string | undefined' is not assignable to type 'string'.
  Type 'undefined' is not assignable to type 'string'.
components/chats/chatHeader.tsx(3,26): error TS2307: Cannot find module '@expo/vector-icons' or its corresponding type declarations.
components/chats/chatHeader.tsx(27,17): error TS2769: No overload matches this call.
  Overload 1 of 2, '(props: ImageProps): Image', gave the following error.
    Type 'string | undefined' is not assignable to type 'ImageSourcePropType | undefined'.
      Type 'string' is not assignable to type 'ImageSourcePropType | undefined'.
  Overload 2 of 2, '(props: ImageProps, context: any): Image', gave the following error.
    Type 'string | undefined' is not assignable to type 'ImageSourcePropType | undefined'.
      Type 'string' is not assignable to type 'ImageSourcePropType | undefined'.
components/chats/chatWindowFooter/audioPlayer.tsx(4,28): error TS2307: Cannot find module '../../../utils/formatTime' or its corresponding type declarations.
components/chats/chatWindowFooter/audioPlayer.tsx(6,26): error TS2307: Cannot find module '@expo/vector-icons' or its corresponding type declarations.
components/chats/chatWindowFooter/audioRecorder.tsx(12,28): error TS2307: Cannot find module '../../../utils/formatTime' or its corresponding type declarations.
components/chats/chatWindowFooter/chatFooter.tsx(3,48): error TS2307: Cannot find module '@expo/vector-icons' or its corresponding type declarations.
components/chats/chatWindowFooter/footerAttachment.tsx(3,48): error TS2307: Cannot find module '@expo/vector-icons' or its corresponding type declarations.
components/chats/messagesBubals/audioMessageBubble.tsx(5,26): error TS2307: Cannot find module '@expo/vector-icons' or its corresponding type declarations.
components/chats/messagesBubals/audioMessageBubble.tsx(55,43): error TS2339: Property 'position' does not exist on type 'AudioPlayer'.
components/chats/messagesBubals/contactMessageBubble.tsx(4,22): error TS2307: Cannot find module '@expo/vector-icons/Ionicons' or its corresponding type declarations.
components/chats/messagesBubals/documentMessageBubble.tsx(3,22): error TS2307: Cannot find module '@expo/vector-icons/Ionicons' or its corresponding type declarations.
components/chats/messagesBubals/messageStatusBubble.tsx(3,22): error TS2307: Cannot find module '@expo/vector-icons/Ionicons' or its corresponding type declarations.
components/chats/messagesBubals/videoMessageBubble.tsx(3,22): error TS2307: Cannot find module '@expo/vector-icons/Ionicons' or its corresponding type declarations.
components/contacts/contacts.tsx(39,55): error TS2339: Property 'id' does not exist on type 'Contact'.
components/mediaGallery/galleryFooter.tsx(3,22): error TS2307: Cannot find module '@expo/vector-icons/Octicons' or its corresponding type declarations.
components/mediaGallery/galleryFooter.tsx(4,22): error TS2307: Cannot find module '@expo/vector-icons/Ionicons' or its corresponding type declarations.
components/mediaGallery/galleryFooter.tsx(5,36): error TS2307: Cannot find module '@expo/vector-icons/MaterialCommunityIcons' or its corresponding type declarations.
components/mediaGallery/galleryHeader.tsx(4,22): error TS2307: Cannot find module '@expo/vector-icons/Ionicons' or its corresponding type declarations.
components/mediaGallery/galleryHeader.tsx(5,26): error TS2307: Cannot find module '@expo/vector-icons/FontAwesome5' or its corresponding type declarations.
components/mediaGallery/galleryHeader.tsx(6,36): error TS2307: Cannot find module '@expo/vector-icons/MaterialCommunityIcons' or its corresponding type declarations.
components/mediaGallery/videoPlayer.tsx(47,25): error TS2551: Property 'isPlaying' does not exist on type 'VideoPlayer'. Did you mean 'playing'?
components/mediaGallery/videoPlayer.tsx(57,28): error TS2551: Property 'isPlaying' does not exist on type 'VideoPlayer'. Did you mean 'playing'?
components/settings/profileInfo.tsx(3,26): error TS2307: Cannot find module '@expo/vector-icons' or its corresponding type declarations.
components/status/statusGalleryHeader.tsx(2,26): error TS2307: Cannot find module '@expo/vector-icons' or its corresponding type declarations.
components/status/statusPanel.tsx(5,26): error TS2307: Cannot find module '@expo/vector-icons' or its corresponding type declarations.
components/ui/searchInput.tsx(1,26): error TS2307: Cannot find module '@expo/vector-icons' or its corresponding type declarations.
constants/chats.ts(6,9): error TS2741: Property 'id' is missing in type '{ displayName: string; photoURL: any; }' but required in type 'Contact'.
constants/chats.ts(10,9): error TS2739: Type '{ text: string; createdAt: string; }' is missing the following properties from type 'Message': id, senderId
constants/chats.ts(17,9): error TS2741: Property 'id' is missing in type '{ displayName: string; photoURL: any; }' but required in type 'Contact'.
constants/chats.ts(21,9): error TS2739: Type '{ text: string; createdAt: string; }' is missing the following properties from type 'Message': id, senderId
constants/chats.ts(28,9): error TS2741: Property 'id' is missing in type '{ displayName: string; photoURL: any; }' but required in type 'Contact'.
constants/chats.ts(32,9): error TS2739: Type '{ text: string; createdAt: string; }' is missing the following properties from type 'Message': id, senderId
constants/chats.ts(39,9): error TS2741: Property 'id' is missing in type '{ displayName: string; photoURL: string; }' but required in type 'Contact'.
constants/chats.ts(43,9): error TS2739: Type '{ text: string; createdAt: string; }' is missing the following properties from type 'Message': id, senderId
constants/chats.ts(50,9): error TS2741: Property 'id' is missing in type '{ displayName: string; photoURL: any; }' but required in type 'Contact'.
constants/chats.ts(54,9): error TS2739: Type '{ text: string; createdAt: string; }' is missing the following properties from type 'Message': id, senderId
constants/messages.ts(1,10): error TS2614: Module '"../components/cards/messageCard"' has no exported member 'ChatMessage'. Did you mean to use 'import ChatMessage from "../components/cards/messageCard"' instead?
constants/status.ts(5,9): error TS2353: Object literal may only specify known properties, and 'name' does not exist in type 'Status'.
constants/status.ts(26,9): error TS2353: Object literal may only specify known properties, and 'name' does not exist in type 'Status'.
constants/status.ts(47,9): error TS2353: Object literal may only specify known properties, and 'name' does not exist in type 'Status'.
constants/status.ts(76,9): error TS2353: Object literal may only specify known properties, and 'name' does not exist in type 'Status'.
utils/deviceInfo.ts(12,9): error TS2322: Type 'string | null' is not assignable to type 'string'.
  Type 'null' is not assignable to type 'string'.
utils/deviceInfo.ts(13,9): error TS2322: Type 'string | null' is not assignable to type 'string | undefined'.
  Type 'null' is not assignable to type 'string | undefined'.
utils/deviceInfo.ts(14,9): error TS2322: Type 'string | null' is not assignable to type 'string'.
  Type 'null' is not assignable to type 'string'.
